// Jest Snapshot v1, https://goo.gl/fbAQLP

exports[`CollectionItem should render 1`] = `
<article
  className="CollectionItem"
>
  <h4
    className="title"
  >
    Cosmogramma
  </h4>
  <h5
    className="artist"
  >
    by 
    Flying Lotus
  </h5>
  <h5
    className="year"
  >
    2010
  </h5>
</article>
`;
