// Jest Snapshot v1, https://goo.gl/fbAQLP

exports[`Button should render 1`] = `
<button
  className="Button primary"
  disabled={false}
  tabIndex={0}
  type="button"
>
  Test
</button>
`;
