// Jest Snapshot v1, https://goo.gl/fbAQLP

exports[`reorderList should match snapshot 1`] = `
Array [
  1,
  2,
  4,
  3,
  5,
]
`;
