// Jest Snapshot v1, https://goo.gl/fbAQLP

exports[`CreateShelfButton should render 1`] = `
<button
  className="CreateShelfButton"
  onClick={[MockFunction]}
>
  <h2
    className="label"
  >
    + Create New Shelf +
  </h2>
</button>
`;
