// Jest Snapshot v1, https://goo.gl/fbAQLP

exports[`DeleteShelfButton should render 1`] = `
<button
  className="DeleteShelfButton"
  onClick={[MockFunction]}
>
  ðŸ—‘
</button>
`;
